<html>
<body>
<pre>
<h1>µVision Build Log</h1>
<h2>Tool Versions:</h2>
IDE-Version: µVision V5.22.0.0
Copyright (C) 2016 ARM Ltd and ARM Germany GmbH. All rights reserved.
License Information: Armin Taher, University of Texas, LIC=Y2BRD-SQQC7-WP54Q-6AQ99-NJ0CL-Q06CP
 
Tool Versions:
Toolchain:       MDK-ARM Professional  Version: 5.22
Toolchain Path:  C:\Keil_v5\ARM\ARMCC\Bin
C Compiler:      Armcc.exe V5.06 update 4 (build 422)
Assembler:       Armasm.exe V5.06 update 4 (build 422)
Linker/Locator:  ArmLink.exe V5.06 update 4 (build 422)
Library Manager: ArmAr.exe V5.06 update 4 (build 422)
Hex Converter:   FromElf.exe V5.06 update 4 (build 422)
CPU DLL:         SARMCM3.DLL V5.22
Dialog DLL:      DCM.DLL V1.13.9.0
Target DLL:      lmidk-agdi.dll V???
Dialog DLL:      TCM.DLL V1.21.0.0
 
<h2>Project:</h2>
C:\Users\armin\Desktop\lab10-armin-artin-master - Copy - Copy\SpaceInvaders.uvproj
Project File Date:  04/30/2017

<h2>Output:</h2>
*** Using Compiler 'V5.06 update 4 (build 422)', folder: 'C:\Keil_v5\ARM\ARMCC\Bin'
Rebuild target 'SpaceInvaders'
assembling random.s...
assembling startup.s...
compiling DAC.c...
compiling Timer0.c...
compiling ADC.c...
assembling LCD.s...
compiling Timer1.c...
assembling Print.s...
compiling Sound.c...
Sound.c(78): warning:  #1-D: last line of file ends without a newline
  }
Sound.c: 1 warning, 0 errors
compiling ST7735.c...
compiling SpaceInvaders.c...
SpaceInvaders.c(3436): warning:  #1295-D: Deprecated declaration game_over - give arg types
  	void game_over();
SpaceInvaders.c(3437): warning:  #1295-D: Deprecated declaration Pipe_Generator - give arg types
  	void Pipe_Generator();
SpaceInvaders.c(3438): warning:  #1295-D: Deprecated declaration Pipe_Generator1 - give arg types
  	void Pipe_Generator1();
SpaceInvaders.c(3439): warning:  #1295-D: Deprecated declaration Pipe_Move - give arg types
  	void Pipe_Move();
SpaceInvaders.c(3440): warning:  #1295-D: Deprecated declaration Pipe_Move1 - give arg types
  	void Pipe_Move1();
SpaceInvaders.c(3441): warning:  #1295-D: Deprecated declaration Delay10ms - give arg types
  	void Delay10ms();
SpaceInvaders.c(3458): warning:  #1295-D: Deprecated declaration Multi_Player_Main - give arg types
  	void Multi_Player_Main();
SpaceInvaders.c(3467): warning:  #1295-D: Deprecated declaration main0 - give arg types
  void  main0();
SpaceInvaders.c(4295): warning:  #1-D: last line of file ends without a newline
  } 
SpaceInvaders.c: 9 warnings, 0 errors
linking...
Program Size: Code=9976 RO-data=105536 RW-data=26420 ZI-data=1180  
".\SpaceInvaders.axf" - 0 Error(s), 10 Warning(s).
Build Time Elapsed:  00:00:03
</pre>
</body>
</html>
